src/features/groups/components/GroupForm.tsx(57,5): error TS2322: Type 'Resolver<{ name: string; gradeId: string; subjectId: string; teacherId: string; schedule: { day: "SATURDAY" | "SUNDAY" | "MONDAY" | "TUESDAY" | "WEDNESDAY" | "THURSDAY" | "FRIDAY"; hour: number; minute: number; }[]; monthlyFee: unknown; startDate: string; monthsCount: unknown; capacity?: number | ... 1 more ... | un...' is not assignable to type 'Resolver<{ name: string; gradeId: string; subjectId: string; teacherId: string; schedule: { day: "SATURDAY" | "SUNDAY" | "MONDAY" | "TUESDAY" | "WEDNESDAY" | "THURSDAY" | "FRIDAY"; hour: number; minute: number; }[]; monthlyFee: number; startDate: string; monthsCount: number; capacity?: number | ... 1 more ... | unde...'.
  Types of parameters 'options' and 'options' are incompatible.
    Type 'ResolverOptions<{ name: string; gradeId: string; subjectId: string; teacherId: string; schedule: { day: "SATURDAY" | "SUNDAY" | "MONDAY" | "TUESDAY" | "WEDNESDAY" | "THURSDAY" | "FRIDAY"; hour: number; minute: number; }[]; monthlyFee: number; startDate: string; monthsCount: number; capacity?: number | ... 1 more ......' is not assignable to type 'ResolverOptions<{ name: string; gradeId: string; subjectId: string; teacherId: string; schedule: { day: "SATURDAY" | "SUNDAY" | "MONDAY" | "TUESDAY" | "WEDNESDAY" | "THURSDAY" | "FRIDAY"; hour: number; minute: number; }[]; monthlyFee: unknown; startDate: string; monthsCount: unknown; capacity?: number | ... 1 more ....'.
      Types of property 'names' are incompatible.
        Type 'string[] | undefined' is not assignable to type '("name" | "gradeId" | "subjectId" | "teacherId" | "capacity" | "schedule" | "monthlyFee" | "startDate" | "monthsCount")[] | undefined'.
          Type 'string[]' is not assignable to type '("name" | "gradeId" | "subjectId" | "teacherId" | "capacity" | "schedule" | "monthlyFee" | "startDate" | "monthsCount")[]'.
            Type 'string' is not assignable to type '"name" | "gradeId" | "subjectId" | "teacherId" | "capacity" | "schedule" | "monthlyFee" | "startDate" | "monthsCount"'.
src/features/groups/components/GroupForm.tsx(198,30): error TS2345: Argument of type '(values: GroupFormValues) => Promise<void>' is not assignable to parameter of type 'SubmitHandler<TFieldValues>'.
  Types of parameters 'values' and 'data' are incompatible.
    Type 'TFieldValues' is not assignable to type '{ name: string; gradeId: string; subjectId: string; teacherId: string; schedule: { day: "SATURDAY" | "SUNDAY" | "MONDAY" | "TUESDAY" | "WEDNESDAY" | "THURSDAY" | "FRIDAY"; hour: number; minute: number; }[]; monthlyFee: number; startDate: string; monthsCount: number; capacity?: number | ... 1 more ... | undefined; }'.
      Type 'FieldValues' is missing the following properties from type '{ name: string; gradeId: string; subjectId: string; teacherId: string; schedule: { day: "SATURDAY" | "SUNDAY" | "MONDAY" | "TUESDAY" | "WEDNESDAY" | "THURSDAY" | "FRIDAY"; hour: number; minute: number; }[]; monthlyFee: number; startDate: string; monthsCount: number; capacity?: number | ... 1 more ... | undefined; }': name, gradeId, subjectId, teacherId, and 4 more.
src/features/groups/components/GroupForm.tsx(256,11): error TS2719: Type 'import("D:/front/projects/center-education-saas/educenter-website/node_modules/react-hook-form/dist/types/form").Control<{ name: string; gradeId: string; subjectId: string; teacherId: string; schedule: { day: "SATURDAY" | "SUNDAY" | "MONDAY" | "TUESDAY" | "WEDNESDAY" | "THURSDAY" | "FRIDAY"; hour: number; minute: nu...' is not assignable to type 'import("D:/front/projects/center-education-saas/educenter-website/node_modules/react-hook-form/dist/types/form").Control<{ name: string; gradeId: string; subjectId: string; teacherId: string; schedule: { day: "SATURDAY" | "SUNDAY" | "MONDAY" | "TUESDAY" | "WEDNESDAY" | "THURSDAY" | "FRIDAY"; hour: number; minute: nu...'. Two different types with this name exist, but they are unrelated.
  The types of '_options.resolver' are incompatible between these types.
    Type 'import("D:/front/projects/center-education-saas/educenter-website/node_modules/react-hook-form/dist/types/resolvers").Resolver<{ name: string; gradeId: string; subjectId: string; teacherId: string; schedule: { day: "SATURDAY" | "SUNDAY" | "MONDAY" | "TUESDAY" | "WEDNESDAY" | "THURSDAY" | "FRIDAY"; hour: number; minu...' is not assignable to type 'import("D:/front/projects/center-education-saas/educenter-website/node_modules/react-hook-form/dist/types/resolvers").Resolver<{ name: string; gradeId: string; subjectId: string; teacherId: string; schedule: { day: "SATURDAY" | "SUNDAY" | "MONDAY" | "TUESDAY" | "WEDNESDAY" | "THURSDAY" | "FRIDAY"; hour: number; minu...'. Two different types with this name exist, but they are unrelated.
      Type 'import("D:/front/projects/center-education-saas/educenter-website/node_modules/react-hook-form/dist/types/resolvers").Resolver<{ name: string; gradeId: string; subjectId: string; teacherId: string; schedule: { day: "SATURDAY" | "SUNDAY" | "MONDAY" | "TUESDAY" | "WEDNESDAY" | "THURSDAY" | "FRIDAY"; hour: number; minu...' is not assignable to type 'import("D:/front/projects/center-education-saas/educenter-website/node_modules/react-hook-form/dist/types/resolvers").Resolver<{ name: string; gradeId: string; subjectId: string; teacherId: string; schedule: { day: "SATURDAY" | "SUNDAY" | "MONDAY" | "TUESDAY" | "WEDNESDAY" | "THURSDAY" | "FRIDAY"; hour: number; minu...'. Two different types with this name exist, but they are unrelated.
        Type 'import("D:/front/projects/center-education-saas/educenter-website/node_modules/react-hook-form/dist/types/resolvers").ResolverResult<{ name: string; gradeId: string; subjectId: string; teacherId: string; schedule: { day: "SATURDAY" | "SUNDAY" | "MONDAY" | "TUESDAY" | "WEDNESDAY" | "THURSDAY" | "FRIDAY"; hour: number...' is not assignable to type 'import("D:/front/projects/center-education-saas/educenter-website/node_modules/react-hook-form/dist/types/resolvers").ResolverResult<{ name: string; gradeId: string; subjectId: string; teacherId: string; schedule: { day: "SATURDAY" | "SUNDAY" | "MONDAY" | "TUESDAY" | "WEDNESDAY" | "THURSDAY" | "FRIDAY"; hour: number...'. Two different types with this name exist, but they are unrelated.
          Type 'ResolverSuccess<TFieldValues>' is not assignable to type 'ResolverResult<{ name: string; gradeId: string; subjectId: string; teacherId: string; schedule: { day: "SATURDAY" | "SUNDAY" | "MONDAY" | "TUESDAY" | "WEDNESDAY" | "THURSDAY" | "FRIDAY"; hour: number; minute: number; }[]; monthlyFee: number; startDate: string; monthsCount: number; capacity?: number | ... 1 more ... ...'.
            Type 'ResolverSuccess<TFieldValues>' is not assignable to type 'ResolverSuccess<{ name: string; gradeId: string; subjectId: string; teacherId: string; schedule: { day: "SATURDAY" | "SUNDAY" | "MONDAY" | "TUESDAY" | "WEDNESDAY" | "THURSDAY" | "FRIDAY"; hour: number; minute: number; }[]; monthlyFee: number; startDate: string; monthsCount: number; capacity?: number | ... 1 more ......'.
              Type 'TFieldValues' is not assignable to type '{ name: string; gradeId: string; subjectId: string; teacherId: string; schedule: { day: "SATURDAY" | "SUNDAY" | "MONDAY" | "TUESDAY" | "WEDNESDAY" | "THURSDAY" | "FRIDAY"; hour: number; minute: number; }[]; monthlyFee: number; startDate: string; monthsCount: number; capacity?: number | ... 1 more ... | undefined; }'.
                Type 'FieldValues' is missing the following properties from type '{ name: string; gradeId: string; subjectId: string; teacherId: string; schedule: { day: "SATURDAY" | "SUNDAY" | "MONDAY" | "TUESDAY" | "WEDNESDAY" | "THURSDAY" | "FRIDAY"; hour: number; minute: number; }[]; monthlyFee: number; startDate: string; monthsCount: number; capacity?: number | ... 1 more ... | undefined; }': name, gradeId, subjectId, teacherId, and 4 more.
src/features/groups/components/GroupForm.tsx(265,11): error TS2719: Type 'import("D:/front/projects/center-education-saas/educenter-website/node_modules/react-hook-form/dist/types/form").Control<{ name: string; gradeId: string; subjectId: string; teacherId: string; schedule: { day: "SATURDAY" | "SUNDAY" | "MONDAY" | "TUESDAY" | "WEDNESDAY" | "THURSDAY" | "FRIDAY"; hour: number; minute: nu...' is not assignable to type 'import("D:/front/projects/center-education-saas/educenter-website/node_modules/react-hook-form/dist/types/form").Control<{ name: string; gradeId: string; subjectId: string; teacherId: string; schedule: { day: "SATURDAY" | "SUNDAY" | "MONDAY" | "TUESDAY" | "WEDNESDAY" | "THURSDAY" | "FRIDAY"; hour: number; minute: nu...'. Two different types with this name exist, but they are unrelated.
  The types of '_options.resolver' are incompatible between these types.
    Type 'import("D:/front/projects/center-education-saas/educenter-website/node_modules/react-hook-form/dist/types/resolvers").Resolver<{ name: string; gradeId: string; subjectId: string; teacherId: string; schedule: { day: "SATURDAY" | "SUNDAY" | "MONDAY" | "TUESDAY" | "WEDNESDAY" | "THURSDAY" | "FRIDAY"; hour: number; minu...' is not assignable to type 'import("D:/front/projects/center-education-saas/educenter-website/node_modules/react-hook-form/dist/types/resolvers").Resolver<{ name: string; gradeId: string; subjectId: string; teacherId: string; schedule: { day: "SATURDAY" | "SUNDAY" | "MONDAY" | "TUESDAY" | "WEDNESDAY" | "THURSDAY" | "FRIDAY"; hour: number; minu...'. Two different types with this name exist, but they are unrelated.
      Type 'import("D:/front/projects/center-education-saas/educenter-website/node_modules/react-hook-form/dist/types/resolvers").Resolver<{ name: string; gradeId: string; subjectId: string; teacherId: string; schedule: { day: "SATURDAY" | "SUNDAY" | "MONDAY" | "TUESDAY" | "WEDNESDAY" | "THURSDAY" | "FRIDAY"; hour: number; minu...' is not assignable to type 'import("D:/front/projects/center-education-saas/educenter-website/node_modules/react-hook-form/dist/types/resolvers").Resolver<{ name: string; gradeId: string; subjectId: string; teacherId: string; schedule: { day: "SATURDAY" | "SUNDAY" | "MONDAY" | "TUESDAY" | "WEDNESDAY" | "THURSDAY" | "FRIDAY"; hour: number; minu...'. Two different types with this name exist, but they are unrelated.
        Type 'import("D:/front/projects/center-education-saas/educenter-website/node_modules/react-hook-form/dist/types/resolvers").ResolverResult<{ name: string; gradeId: string; subjectId: string; teacherId: string; schedule: { day: "SATURDAY" | "SUNDAY" | "MONDAY" | "TUESDAY" | "WEDNESDAY" | "THURSDAY" | "FRIDAY"; hour: number...' is not assignable to type 'import("D:/front/projects/center-education-saas/educenter-website/node_modules/react-hook-form/dist/types/resolvers").ResolverResult<{ name: string; gradeId: string; subjectId: string; teacherId: string; schedule: { day: "SATURDAY" | "SUNDAY" | "MONDAY" | "TUESDAY" | "WEDNESDAY" | "THURSDAY" | "FRIDAY"; hour: number...'. Two different types with this name exist, but they are unrelated.
          Type 'ResolverSuccess<TFieldValues>' is not assignable to type 'ResolverResult<{ name: string; gradeId: string; subjectId: string; teacherId: string; schedule: { day: "SATURDAY" | "SUNDAY" | "MONDAY" | "TUESDAY" | "WEDNESDAY" | "THURSDAY" | "FRIDAY"; hour: number; minute: number; }[]; monthlyFee: number; startDate: string; monthsCount: number; capacity?: number | ... 1 more ... ...'.
            Type 'ResolverSuccess<TFieldValues>' is not assignable to type 'ResolverSuccess<{ name: string; gradeId: string; subjectId: string; teacherId: string; schedule: { day: "SATURDAY" | "SUNDAY" | "MONDAY" | "TUESDAY" | "WEDNESDAY" | "THURSDAY" | "FRIDAY"; hour: number; minute: number; }[]; monthlyFee: number; startDate: string; monthsCount: number; capacity?: number | ... 1 more ......'.
              Type 'TFieldValues' is not assignable to type '{ name: string; gradeId: string; subjectId: string; teacherId: string; schedule: { day: "SATURDAY" | "SUNDAY" | "MONDAY" | "TUESDAY" | "WEDNESDAY" | "THURSDAY" | "FRIDAY"; hour: number; minute: number; }[]; monthlyFee: number; startDate: string; monthsCount: number; capacity?: number | ... 1 more ... | undefined; }'.
                Type 'FieldValues' is missing the following properties from type '{ name: string; gradeId: string; subjectId: string; teacherId: string; schedule: { day: "SATURDAY" | "SUNDAY" | "MONDAY" | "TUESDAY" | "WEDNESDAY" | "THURSDAY" | "FRIDAY"; hour: number; minute: number; }[]; monthlyFee: number; startDate: string; monthsCount: number; capacity?: number | ... 1 more ... | undefined; }': name, gradeId, subjectId, teacherId, and 4 more.
src/features/groups/components/GroupForm.tsx(280,11): error TS2719: Type 'import("D:/front/projects/center-education-saas/educenter-website/node_modules/react-hook-form/dist/types/form").Control<{ name: string; gradeId: string; subjectId: string; teacherId: string; schedule: { day: "SATURDAY" | "SUNDAY" | "MONDAY" | "TUESDAY" | "WEDNESDAY" | "THURSDAY" | "FRIDAY"; hour: number; minute: nu...' is not assignable to type 'import("D:/front/projects/center-education-saas/educenter-website/node_modules/react-hook-form/dist/types/form").Control<{ name: string; gradeId: string; subjectId: string; teacherId: string; schedule: { day: "SATURDAY" | "SUNDAY" | "MONDAY" | "TUESDAY" | "WEDNESDAY" | "THURSDAY" | "FRIDAY"; hour: number; minute: nu...'. Two different types with this name exist, but they are unrelated.
  The types of '_options.resolver' are incompatible between these types.
    Type 'import("D:/front/projects/center-education-saas/educenter-website/node_modules/react-hook-form/dist/types/resolvers").Resolver<{ name: string; gradeId: string; subjectId: string; teacherId: string; schedule: { day: "SATURDAY" | "SUNDAY" | "MONDAY" | "TUESDAY" | "WEDNESDAY" | "THURSDAY" | "FRIDAY"; hour: number; minu...' is not assignable to type 'import("D:/front/projects/center-education-saas/educenter-website/node_modules/react-hook-form/dist/types/resolvers").Resolver<{ name: string; gradeId: string; subjectId: string; teacherId: string; schedule: { day: "SATURDAY" | "SUNDAY" | "MONDAY" | "TUESDAY" | "WEDNESDAY" | "THURSDAY" | "FRIDAY"; hour: number; minu...'. Two different types with this name exist, but they are unrelated.
      Type 'import("D:/front/projects/center-education-saas/educenter-website/node_modules/react-hook-form/dist/types/resolvers").Resolver<{ name: string; gradeId: string; subjectId: string; teacherId: string; schedule: { day: "SATURDAY" | "SUNDAY" | "MONDAY" | "TUESDAY" | "WEDNESDAY" | "THURSDAY" | "FRIDAY"; hour: number; minu...' is not assignable to type 'import("D:/front/projects/center-education-saas/educenter-website/node_modules/react-hook-form/dist/types/resolvers").Resolver<{ name: string; gradeId: string; subjectId: string; teacherId: string; schedule: { day: "SATURDAY" | "SUNDAY" | "MONDAY" | "TUESDAY" | "WEDNESDAY" | "THURSDAY" | "FRIDAY"; hour: number; minu...'. Two different types with this name exist, but they are unrelated.
        Type 'import("D:/front/projects/center-education-saas/educenter-website/node_modules/react-hook-form/dist/types/resolvers").ResolverResult<{ name: string; gradeId: string; subjectId: string; teacherId: string; schedule: { day: "SATURDAY" | "SUNDAY" | "MONDAY" | "TUESDAY" | "WEDNESDAY" | "THURSDAY" | "FRIDAY"; hour: number...' is not assignable to type 'import("D:/front/projects/center-education-saas/educenter-website/node_modules/react-hook-form/dist/types/resolvers").ResolverResult<{ name: string; gradeId: string; subjectId: string; teacherId: string; schedule: { day: "SATURDAY" | "SUNDAY" | "MONDAY" | "TUESDAY" | "WEDNESDAY" | "THURSDAY" | "FRIDAY"; hour: number...'. Two different types with this name exist, but they are unrelated.
          Type 'ResolverSuccess<TFieldValues>' is not assignable to type 'ResolverResult<{ name: string; gradeId: string; subjectId: string; teacherId: string; schedule: { day: "SATURDAY" | "SUNDAY" | "MONDAY" | "TUESDAY" | "WEDNESDAY" | "THURSDAY" | "FRIDAY"; hour: number; minute: number; }[]; monthlyFee: number; startDate: string; monthsCount: number; capacity?: number | ... 1 more ... ...'.
            Type 'ResolverSuccess<TFieldValues>' is not assignable to type 'ResolverSuccess<{ name: string; gradeId: string; subjectId: string; teacherId: string; schedule: { day: "SATURDAY" | "SUNDAY" | "MONDAY" | "TUESDAY" | "WEDNESDAY" | "THURSDAY" | "FRIDAY"; hour: number; minute: number; }[]; monthlyFee: number; startDate: string; monthsCount: number; capacity?: number | ... 1 more ......'.
              Type 'TFieldValues' is not assignable to type '{ name: string; gradeId: string; subjectId: string; teacherId: string; schedule: { day: "SATURDAY" | "SUNDAY" | "MONDAY" | "TUESDAY" | "WEDNESDAY" | "THURSDAY" | "FRIDAY"; hour: number; minute: number; }[]; monthlyFee: number; startDate: string; monthsCount: number; capacity?: number | ... 1 more ... | undefined; }'.
                Type 'FieldValues' is missing the following properties from type '{ name: string; gradeId: string; subjectId: string; teacherId: string; schedule: { day: "SATURDAY" | "SUNDAY" | "MONDAY" | "TUESDAY" | "WEDNESDAY" | "THURSDAY" | "FRIDAY"; hour: number; minute: number; }[]; monthlyFee: number; startDate: string; monthsCount: number; capacity?: number | ... 1 more ... | undefined; }': name, gradeId, subjectId, teacherId, and 4 more.
